// Jest Snapshot v1, https://goo.gl/fbAQLP

exports[`<AddChannelButton /> should match the snapshot 1`] = `"<div class=\\"add-channel-button\\"><input type=\\"text\\" placeholder=\\"Chanel name\\" value=\\"\\"/><button>+</button></div>"`;
